// Jest Snapshot v1, https://goo.gl/fbAQLP

exports[`WisdomInJar should match the snapshot 1`] = `
ShallowWrapper {
  "length": 1,
  Symbol(enzyme.__root__): [Circular],
  Symbol(enzyme.__unrendered__): <WisdomInJar
    jar={
        Array [
            Object {
              "id": "5280",
              "message": "Mankind is unkind, man",
            },
            Object {
              "id": "1234",
              "message": "Godluck and Goodspeed!",
            },
          ]
    }
    trashFromJar={[Function]}
    wisdom={
        Object {
            "id": "1234",
            "message": "In Crust We Trust",
          }
    }
/>,
  Symbol(enzyme.__renderer__): Object {
    "batchedUpdates": [Function],
    "getNode": [Function],
    "render": [Function],
    "simulateEvent": [Function],
    "unmount": [Function],
  },
  Symbol(enzyme.__node__): Object {
    "instance": null,
    "key": undefined,
    "nodeType": "host",
    "props": Object {
      "children": Array [
        <button
          className="delete-btn"
          onClick={[Function]}
>
          [ X ]
</button>,
        <p
          className="wisdom-message"
>
          In Crust We Trust
</p>,
      ],
      "className": "WisdomInJar",
    },
    "ref": null,
    "rendered": Array [
      Object {
        "instance": null,
        "key": undefined,
        "nodeType": "host",
        "props": Object {
          "children": "[ X ]",
          "className": "delete-btn",
          "onClick": [Function],
        },
        "ref": null,
        "rendered": "[ X ]",
        "type": "button",
      },
      Object {
        "instance": null,
        "key": undefined,
        "nodeType": "host",
        "props": Object {
          "children": "In Crust We Trust",
          "className": "wisdom-message",
        },
        "ref": null,
        "rendered": "In Crust We Trust",
        "type": "p",
      },
    ],
    "type": "div",
  },
  Symbol(enzyme.__nodes__): Array [
    Object {
      "instance": null,
      "key": undefined,
      "nodeType": "host",
      "props": Object {
        "children": Array [
          <button
            className="delete-btn"
            onClick={[Function]}
>
            [ X ]
</button>,
          <p
            className="wisdom-message"
>
            In Crust We Trust
</p>,
        ],
        "className": "WisdomInJar",
      },
      "ref": null,
      "rendered": Array [
        Object {
          "instance": null,
          "key": undefined,
          "nodeType": "host",
          "props": Object {
            "children": "[ X ]",
            "className": "delete-btn",
            "onClick": [Function],
          },
          "ref": null,
          "rendered": "[ X ]",
          "type": "button",
        },
        Object {
          "instance": null,
          "key": undefined,
          "nodeType": "host",
          "props": Object {
            "children": "In Crust We Trust",
            "className": "wisdom-message",
          },
          "ref": null,
          "rendered": "In Crust We Trust",
          "type": "p",
        },
      ],
      "type": "div",
    },
  ],
  Symbol(enzyme.__options__): Object {
    "adapter": ReactSixteenAdapter {
      "options": Object {
        "enableComponentDidUpdateOnSetState": true,
      },
    },
  },
}
`;
