// Jest Snapshot v1, https://goo.gl/fbAQLP

exports[`App should match the snapshot 1`] = `
ShallowWrapper {
  "length": 1,
  Symbol(enzyme.__root__): [Circular],
  Symbol(enzyme.__unrendered__): <App
    jar={
        Array [
            Object {
              "id": "5280",
              "message": "Mankind is unkind, man",
            },
            Object {
              "id": "1234",
              "message": "Godluck and Goodspeed!",
            },
          ]
    }
    loadMoons={[Function]}
    loadWisdoms={[Function]}
/>,
  Symbol(enzyme.__renderer__): Object {
    "batchedUpdates": [Function],
    "getNode": [Function],
    "render": [Function],
    "simulateEvent": [Function],
    "unmount": [Function],
  },
  Symbol(enzyme.__node__): Object {
    "instance": null,
    "key": undefined,
    "nodeType": "host",
    "props": Object {
      "children": Array [
        <div
          className="left-column"
>
          <header
                    className="App-header"
          >
                    <h1
                              className="title"
                    >
                              Wi$dom Co0kies
                    </h1>
                    <h4
                              className="under-title"
                    >
                              Choose wisdom to guide your fortune
                    </h4>
          </header>
          <img
                    alt="A Chinese dragon soaring"
                    className="dragon"
                    src="dragon.png"
          />
          <Connect(Cookie) />
</div>,
        <div
          className="right-column"
>
          <Connect(Jar) />
</div>,
      ],
      "className": "App",
    },
    "ref": null,
    "rendered": Array [
      Object {
        "instance": null,
        "key": undefined,
        "nodeType": "host",
        "props": Object {
          "children": Array [
            <header
              className="App-header"
>
              <h1
                            className="title"
              >
                            Wi$dom Co0kies
              </h1>
              <h4
                            className="under-title"
              >
                            Choose wisdom to guide your fortune
              </h4>
</header>,
            <img
              alt="A Chinese dragon soaring"
              className="dragon"
              src="dragon.png"
/>,
            <Connect(Cookie) />,
          ],
          "className": "left-column",
        },
        "ref": null,
        "rendered": Array [
          Object {
            "instance": null,
            "key": undefined,
            "nodeType": "host",
            "props": Object {
              "children": Array [
                <h1
                  className="title"
>
                  Wi$dom Co0kies
</h1>,
                <h4
                  className="under-title"
>
                  Choose wisdom to guide your fortune
</h4>,
              ],
              "className": "App-header",
            },
            "ref": null,
            "rendered": Array [
              Object {
                "instance": null,
                "key": undefined,
                "nodeType": "host",
                "props": Object {
                  "children": "Wi$dom Co0kies",
                  "className": "title",
                },
                "ref": null,
                "rendered": "Wi$dom Co0kies",
                "type": "h1",
              },
              Object {
                "instance": null,
                "key": undefined,
                "nodeType": "host",
                "props": Object {
                  "children": "Choose wisdom to guide your fortune",
                  "className": "under-title",
                },
                "ref": null,
                "rendered": "Choose wisdom to guide your fortune",
                "type": "h4",
              },
            ],
            "type": "header",
          },
          Object {
            "instance": null,
            "key": undefined,
            "nodeType": "host",
            "props": Object {
              "alt": "A Chinese dragon soaring",
              "className": "dragon",
              "src": "dragon.png",
            },
            "ref": null,
            "rendered": null,
            "type": "img",
          },
          Object {
            "instance": null,
            "key": undefined,
            "nodeType": "class",
            "props": Object {},
            "ref": null,
            "rendered": null,
            "type": [Function],
          },
        ],
        "type": "div",
      },
      Object {
        "instance": null,
        "key": undefined,
        "nodeType": "host",
        "props": Object {
          "children": <Connect(Jar) />,
          "className": "right-column",
        },
        "ref": null,
        "rendered": Object {
          "instance": null,
          "key": undefined,
          "nodeType": "class",
          "props": Object {},
          "ref": null,
          "rendered": null,
          "type": [Function],
        },
        "type": "div",
      },
    ],
    "type": "div",
  },
  Symbol(enzyme.__nodes__): Array [
    Object {
      "instance": null,
      "key": undefined,
      "nodeType": "host",
      "props": Object {
        "children": Array [
          <div
            className="left-column"
>
            <header
                        className="App-header"
            >
                        <h1
                                    className="title"
                        >
                                    Wi$dom Co0kies
                        </h1>
                        <h4
                                    className="under-title"
                        >
                                    Choose wisdom to guide your fortune
                        </h4>
            </header>
            <img
                        alt="A Chinese dragon soaring"
                        className="dragon"
                        src="dragon.png"
            />
            <Connect(Cookie) />
</div>,
          <div
            className="right-column"
>
            <Connect(Jar) />
</div>,
        ],
        "className": "App",
      },
      "ref": null,
      "rendered": Array [
        Object {
          "instance": null,
          "key": undefined,
          "nodeType": "host",
          "props": Object {
            "children": Array [
              <header
                className="App-header"
>
                <h1
                                className="title"
                >
                                Wi$dom Co0kies
                </h1>
                <h4
                                className="under-title"
                >
                                Choose wisdom to guide your fortune
                </h4>
</header>,
              <img
                alt="A Chinese dragon soaring"
                className="dragon"
                src="dragon.png"
/>,
              <Connect(Cookie) />,
            ],
            "className": "left-column",
          },
          "ref": null,
          "rendered": Array [
            Object {
              "instance": null,
              "key": undefined,
              "nodeType": "host",
              "props": Object {
                "children": Array [
                  <h1
                    className="title"
>
                    Wi$dom Co0kies
</h1>,
                  <h4
                    className="under-title"
>
                    Choose wisdom to guide your fortune
</h4>,
                ],
                "className": "App-header",
              },
              "ref": null,
              "rendered": Array [
                Object {
                  "instance": null,
                  "key": undefined,
                  "nodeType": "host",
                  "props": Object {
                    "children": "Wi$dom Co0kies",
                    "className": "title",
                  },
                  "ref": null,
                  "rendered": "Wi$dom Co0kies",
                  "type": "h1",
                },
                Object {
                  "instance": null,
                  "key": undefined,
                  "nodeType": "host",
                  "props": Object {
                    "children": "Choose wisdom to guide your fortune",
                    "className": "under-title",
                  },
                  "ref": null,
                  "rendered": "Choose wisdom to guide your fortune",
                  "type": "h4",
                },
              ],
              "type": "header",
            },
            Object {
              "instance": null,
              "key": undefined,
              "nodeType": "host",
              "props": Object {
                "alt": "A Chinese dragon soaring",
                "className": "dragon",
                "src": "dragon.png",
              },
              "ref": null,
              "rendered": null,
              "type": "img",
            },
            Object {
              "instance": null,
              "key": undefined,
              "nodeType": "class",
              "props": Object {},
              "ref": null,
              "rendered": null,
              "type": [Function],
            },
          ],
          "type": "div",
        },
        Object {
          "instance": null,
          "key": undefined,
          "nodeType": "host",
          "props": Object {
            "children": <Connect(Jar) />,
            "className": "right-column",
          },
          "ref": null,
          "rendered": Object {
            "instance": null,
            "key": undefined,
            "nodeType": "class",
            "props": Object {},
            "ref": null,
            "rendered": null,
            "type": [Function],
          },
          "type": "div",
        },
      ],
      "type": "div",
    },
  ],
  Symbol(enzyme.__options__): Object {
    "adapter": ReactSixteenAdapter {
      "options": Object {
        "enableComponentDidUpdateOnSetState": true,
      },
    },
    "disableLifecycleMethods": true,
  },
}
`;
