// Jest Snapshot v1, https://goo.gl/fbAQLP

exports[`Jar should match the snapshot 1`] = `
ShallowWrapper {
  "length": 1,
  Symbol(enzyme.__root__): [Circular],
  Symbol(enzyme.__unrendered__): <Unknown
    jar={
        Array [
            Object {
              "id": "5280",
              "message": "Mankind is unkind, man",
            },
            Object {
              "id": "1234",
              "message": "Godluck and Goodspeed!",
            },
          ]
    }
/>,
  Symbol(enzyme.__renderer__): Object {
    "batchedUpdates": [Function],
    "getNode": [Function],
    "render": [Function],
    "simulateEvent": [Function],
    "unmount": [Function],
  },
  Symbol(enzyme.__node__): Object {
    "instance": null,
    "key": undefined,
    "nodeType": "host",
    "props": Object {
      "children": Array [
        <Connect(Component)
          id="5280"
          message="Mankind is unkind, man"
/>,
        <Connect(Component)
          id="1234"
          message="Godluck and Goodspeed!"
/>,
      ],
      "className": "wisdom-collection",
    },
    "ref": null,
    "rendered": Array [
      Object {
        "instance": null,
        "key": "5280",
        "nodeType": "class",
        "props": Object {
          "id": "5280",
          "message": "Mankind is unkind, man",
        },
        "ref": null,
        "rendered": null,
        "type": [Function],
      },
      Object {
        "instance": null,
        "key": "1234",
        "nodeType": "class",
        "props": Object {
          "id": "1234",
          "message": "Godluck and Goodspeed!",
        },
        "ref": null,
        "rendered": null,
        "type": [Function],
      },
    ],
    "type": "div",
  },
  Symbol(enzyme.__nodes__): Array [
    Object {
      "instance": null,
      "key": undefined,
      "nodeType": "host",
      "props": Object {
        "children": Array [
          <Connect(Component)
            id="5280"
            message="Mankind is unkind, man"
/>,
          <Connect(Component)
            id="1234"
            message="Godluck and Goodspeed!"
/>,
        ],
        "className": "wisdom-collection",
      },
      "ref": null,
      "rendered": Array [
        Object {
          "instance": null,
          "key": "5280",
          "nodeType": "class",
          "props": Object {
            "id": "5280",
            "message": "Mankind is unkind, man",
          },
          "ref": null,
          "rendered": null,
          "type": [Function],
        },
        Object {
          "instance": null,
          "key": "1234",
          "nodeType": "class",
          "props": Object {
            "id": "1234",
            "message": "Godluck and Goodspeed!",
          },
          "ref": null,
          "rendered": null,
          "type": [Function],
        },
      ],
      "type": "div",
    },
  ],
  Symbol(enzyme.__options__): Object {
    "adapter": ReactSixteenAdapter {
      "options": Object {
        "enableComponentDidUpdateOnSetState": true,
      },
    },
  },
}
`;
