// Jest Snapshot v1, https://goo.gl/fbAQLP

exports[`Moons should match the snapshot 1`] = `
ShallowWrapper {
  "length": 1,
  Symbol(enzyme.__root__): [Circular],
  Symbol(enzyme.__unrendered__): <Moons
    moonphases={
        Array [
            Object {
              "response": Array [
                Object {
                  "code": 1,
                  "dateTimeISO": "2018-04-22T21:46:50+00:00",
                  "name": "first quarter",
                  "timestamp": 1524433610,
                },
                Object {
                  "code": 2,
                  "dateTimeISO": "2018-04-30T00:59:14+00:00",
                  "name": "full moon",
                  "timestamp": 1525049954,
                },
              ],
            },
          ]
    }
/>,
  Symbol(enzyme.__renderer__): Object {
    "batchedUpdates": [Function],
    "getNode": [Function],
    "render": [Function],
    "simulateEvent": [Function],
    "unmount": [Function],
  },
  Symbol(enzyme.__node__): Object {
    "instance": null,
    "key": undefined,
    "nodeType": "host",
    "props": Object {
      "children": Array [
        <p
          className="overhead"
>
          "Which moon pie will be in the sky...?"
</p>,
        <div
          className="show-moons"
>
          <Unknown
                    phase={
                              Object {
                                        "response": Array [
                                          Object {
                                            "code": 1,
                                            "dateTimeISO": "2018-04-22T21:46:50+00:00",
                                            "name": "first quarter",
                                            "timestamp": 1524433610,
                                          },
                                          Object {
                                            "code": 2,
                                            "dateTimeISO": "2018-04-30T00:59:14+00:00",
                                            "name": "full moon",
                                            "timestamp": 1525049954,
                                          },
                                        ],
                                      }
                    }
          />
</div>,
        <NavLink
          activeClassName="active"
          ariaCurrent="true"
          id="jar"
          to="/jar"
>
          <div
                    className="jar-o-wisdoms"
          >
                    <img
                              alt="Revisit a jar of wisdoms"
                              className="wisdom-jar"
                              src="wisdom-jar.png"
                    />
                    <p
                              className="btn-txt"
                    >
                              Back to Jar
                    </p>
          </div>
</NavLink>,
      ],
      "className": "Moons",
    },
    "ref": null,
    "rendered": Array [
      Object {
        "instance": null,
        "key": undefined,
        "nodeType": "host",
        "props": Object {
          "children": "\\"Which moon pie will be in the sky...?\\"",
          "className": "overhead",
        },
        "ref": null,
        "rendered": "\\"Which moon pie will be in the sky...?\\"",
        "type": "p",
      },
      Object {
        "instance": null,
        "key": undefined,
        "nodeType": "host",
        "props": Object {
          "children": Array [
            <Unknown
              phase={
                            Object {
                                          "response": Array [
                                            Object {
                                              "code": 1,
                                              "dateTimeISO": "2018-04-22T21:46:50+00:00",
                                              "name": "first quarter",
                                              "timestamp": 1524433610,
                                            },
                                            Object {
                                              "code": 2,
                                              "dateTimeISO": "2018-04-30T00:59:14+00:00",
                                              "name": "full moon",
                                              "timestamp": 1525049954,
                                            },
                                          ],
                                        }
              }
/>,
          ],
          "className": "show-moons",
        },
        "ref": null,
        "rendered": Array [
          Object {
            "instance": null,
            "key": "0",
            "nodeType": "function",
            "props": Object {
              "phase": Object {
                "response": Array [
                  Object {
                    "code": 1,
                    "dateTimeISO": "2018-04-22T21:46:50+00:00",
                    "name": "first quarter",
                    "timestamp": 1524433610,
                  },
                  Object {
                    "code": 2,
                    "dateTimeISO": "2018-04-30T00:59:14+00:00",
                    "name": "full moon",
                    "timestamp": 1525049954,
                  },
                ],
              },
            },
            "ref": null,
            "rendered": null,
            "type": [Function],
          },
        ],
        "type": "div",
      },
      Object {
        "instance": null,
        "key": undefined,
        "nodeType": "function",
        "props": Object {
          "activeClassName": "active",
          "ariaCurrent": "true",
          "children": <div
            className="jar-o-wisdoms"
>
            <img
                        alt="Revisit a jar of wisdoms"
                        className="wisdom-jar"
                        src="wisdom-jar.png"
            />
            <p
                        className="btn-txt"
            >
                        Back to Jar
            </p>
</div>,
          "id": "jar",
          "to": "/jar",
        },
        "ref": null,
        "rendered": Object {
          "instance": null,
          "key": undefined,
          "nodeType": "host",
          "props": Object {
            "children": Array [
              <img
                alt="Revisit a jar of wisdoms"
                className="wisdom-jar"
                src="wisdom-jar.png"
/>,
              <p
                className="btn-txt"
>
                Back to Jar
</p>,
            ],
            "className": "jar-o-wisdoms",
          },
          "ref": null,
          "rendered": Array [
            Object {
              "instance": null,
              "key": undefined,
              "nodeType": "host",
              "props": Object {
                "alt": "Revisit a jar of wisdoms",
                "className": "wisdom-jar",
                "src": "wisdom-jar.png",
              },
              "ref": null,
              "rendered": null,
              "type": "img",
            },
            Object {
              "instance": null,
              "key": undefined,
              "nodeType": "host",
              "props": Object {
                "children": "Back to Jar",
                "className": "btn-txt",
              },
              "ref": null,
              "rendered": "Back to Jar",
              "type": "p",
            },
          ],
          "type": "div",
        },
        "type": [Function],
      },
    ],
    "type": "div",
  },
  Symbol(enzyme.__nodes__): Array [
    Object {
      "instance": null,
      "key": undefined,
      "nodeType": "host",
      "props": Object {
        "children": Array [
          <p
            className="overhead"
>
            "Which moon pie will be in the sky...?"
</p>,
          <div
            className="show-moons"
>
            <Unknown
                        phase={
                                    Object {
                                                "response": Array [
                                                  Object {
                                                    "code": 1,
                                                    "dateTimeISO": "2018-04-22T21:46:50+00:00",
                                                    "name": "first quarter",
                                                    "timestamp": 1524433610,
                                                  },
                                                  Object {
                                                    "code": 2,
                                                    "dateTimeISO": "2018-04-30T00:59:14+00:00",
                                                    "name": "full moon",
                                                    "timestamp": 1525049954,
                                                  },
                                                ],
                                              }
                        }
            />
</div>,
          <NavLink
            activeClassName="active"
            ariaCurrent="true"
            id="jar"
            to="/jar"
>
            <div
                        className="jar-o-wisdoms"
            >
                        <img
                                    alt="Revisit a jar of wisdoms"
                                    className="wisdom-jar"
                                    src="wisdom-jar.png"
                        />
                        <p
                                    className="btn-txt"
                        >
                                    Back to Jar
                        </p>
            </div>
</NavLink>,
        ],
        "className": "Moons",
      },
      "ref": null,
      "rendered": Array [
        Object {
          "instance": null,
          "key": undefined,
          "nodeType": "host",
          "props": Object {
            "children": "\\"Which moon pie will be in the sky...?\\"",
            "className": "overhead",
          },
          "ref": null,
          "rendered": "\\"Which moon pie will be in the sky...?\\"",
          "type": "p",
        },
        Object {
          "instance": null,
          "key": undefined,
          "nodeType": "host",
          "props": Object {
            "children": Array [
              <Unknown
                phase={
                                Object {
                                                "response": Array [
                                                  Object {
                                                    "code": 1,
                                                    "dateTimeISO": "2018-04-22T21:46:50+00:00",
                                                    "name": "first quarter",
                                                    "timestamp": 1524433610,
                                                  },
                                                  Object {
                                                    "code": 2,
                                                    "dateTimeISO": "2018-04-30T00:59:14+00:00",
                                                    "name": "full moon",
                                                    "timestamp": 1525049954,
                                                  },
                                                ],
                                              }
                }
/>,
            ],
            "className": "show-moons",
          },
          "ref": null,
          "rendered": Array [
            Object {
              "instance": null,
              "key": "0",
              "nodeType": "function",
              "props": Object {
                "phase": Object {
                  "response": Array [
                    Object {
                      "code": 1,
                      "dateTimeISO": "2018-04-22T21:46:50+00:00",
                      "name": "first quarter",
                      "timestamp": 1524433610,
                    },
                    Object {
                      "code": 2,
                      "dateTimeISO": "2018-04-30T00:59:14+00:00",
                      "name": "full moon",
                      "timestamp": 1525049954,
                    },
                  ],
                },
              },
              "ref": null,
              "rendered": null,
              "type": [Function],
            },
          ],
          "type": "div",
        },
        Object {
          "instance": null,
          "key": undefined,
          "nodeType": "function",
          "props": Object {
            "activeClassName": "active",
            "ariaCurrent": "true",
            "children": <div
              className="jar-o-wisdoms"
>
              <img
                            alt="Revisit a jar of wisdoms"
                            className="wisdom-jar"
                            src="wisdom-jar.png"
              />
              <p
                            className="btn-txt"
              >
                            Back to Jar
              </p>
</div>,
            "id": "jar",
            "to": "/jar",
          },
          "ref": null,
          "rendered": Object {
            "instance": null,
            "key": undefined,
            "nodeType": "host",
            "props": Object {
              "children": Array [
                <img
                  alt="Revisit a jar of wisdoms"
                  className="wisdom-jar"
                  src="wisdom-jar.png"
/>,
                <p
                  className="btn-txt"
>
                  Back to Jar
</p>,
              ],
              "className": "jar-o-wisdoms",
            },
            "ref": null,
            "rendered": Array [
              Object {
                "instance": null,
                "key": undefined,
                "nodeType": "host",
                "props": Object {
                  "alt": "Revisit a jar of wisdoms",
                  "className": "wisdom-jar",
                  "src": "wisdom-jar.png",
                },
                "ref": null,
                "rendered": null,
                "type": "img",
              },
              Object {
                "instance": null,
                "key": undefined,
                "nodeType": "host",
                "props": Object {
                  "children": "Back to Jar",
                  "className": "btn-txt",
                },
                "ref": null,
                "rendered": "Back to Jar",
                "type": "p",
              },
            ],
            "type": "div",
          },
          "type": [Function],
        },
      ],
      "type": "div",
    },
  ],
  Symbol(enzyme.__options__): Object {
    "adapter": ReactSixteenAdapter {
      "options": Object {
        "enableComponentDidUpdateOnSetState": true,
      },
    },
  },
}
`;
